C:\ST\STM32CubeIDE_1.18.0\STM32CubeIDE\plugins\com.st.stm32cube.ide.mcu.externaltools.gnu-tools-for-stm32.13.3.rel1.win32_1.0.0.202411081344\tools\arm-none-eabi\include\c++\13.3.1\arm-none-eabi\thumb\v7e-m+fp\hard\bits\c++config.h:540:3:constexpr bool std::__is_constant_evaluated()	4	static
C:\ST\STM32CubeIDE_1.18.0\STM32CubeIDE\plugins\com.st.stm32cube.ide.mcu.externaltools.gnu-tools-for-stm32.13.3.rel1.win32_1.0.0.202411081344\tools\bin/../lib/gcc/arm-none-eabi/13.3.1/../../../../arm-none-eabi/include/c++/13.3.1/bits/std_function.h:241:5:std::_Function_base::~_Function_base()	16	static
C:\ST\STM32CubeIDE_1.18.0\STM32CubeIDE\plugins\com.st.stm32cube.ide.mcu.externaltools.gnu-tools-for-stm32.13.3.rel1.win32_1.0.0.202411081344\tools\arm-none-eabi\include\c++\13.3.1\arm-none-eabi\thumb\v7e-m+fp\hard\bits\gthr-default.h:229:1:int __gthread_key_delete(__gthread_key_t)	16	static
../Core/Src/uart.h:18:8:UART::UART()	16	static
C:\ST\STM32CubeIDE_1.18.0\STM32CubeIDE\plugins\com.st.stm32cube.ide.mcu.externaltools.gnu-tools-for-stm32.13.3.rel1.win32_1.0.0.202411081344\tools\bin/../lib/gcc/arm-none-eabi/13.3.1/../../../../arm-none-eabi/include/c++/13.3.1/bits/std_function.h:334:11:std::function<void(const std::vector<unsigned char>&)>::~function()	16	static
../Core/Src/UartDevice.cpp:10:1:UartDevice::UartDevice(USART_TypeDef*, uint32_t, uint32_t, uint32_t)	24	static
../Core/Src/UartDevice.cpp:21:1:UartDevice::~UartDevice()	16	static
../Core/Src/UartDevice.cpp:21:1:virtual UartDevice::~UartDevice()	16	static
../Core/Src/UartDevice.cpp:25:6:bool UartDevice::InitializeUART(int, uint32_t, uint32_t)	24	static
../Core/Src/UartDevice.cpp:43:6:virtual bool UartDevice::Connect(USART_TypeDef*, int)	32	static
../Core/Src/UartDevice.cpp:47:6:bool UartDevice::Connect(USART_TypeDef*, int, uint32_t, uint32_t)	24	static
../Core/Src/UartDevice.cpp:54:6:bool UartDevice::Disconnect()	16	static
../Core/Src/UartDevice.cpp:62:6:void UartDevice::SendCommand(const uint8_t*, size_t)	24	static
../Core/Src/UartDevice.cpp:68:6:void UartDevice::println(const char*)	16	static
../Core/Src/UartDevice.cpp:74:6:void UartDevice::StartReceive(void*, size_t)	24	static
../Core/Src/UartDevice.cpp:84:6:void UartDevice::ProcessReceivedData(const std::vector<unsigned char>&)	16	static
../Core/Src/UartDevice.cpp:88:6:void UartDevice::OnDataReceivedHandler(const std::vector<unsigned char>&)	16	static
../Core/Src/UartDevice.cpp:92:17:USART_TypeDef* UartDevice::GetPort()	16	static
../Core/Src/UartDevice.cpp:98:17:void HAL_UART_RxCpltCallback(UART_HandleTypeDef*)	48	static,ignoring_inline_asm
C:\ST\STM32CubeIDE_1.18.0\STM32CubeIDE\plugins\com.st.stm32cube.ide.mcu.externaltools.gnu-tools-for-stm32.13.3.rel1.win32_1.0.0.202411081344\tools\bin/../lib/gcc/arm-none-eabi/13.3.1/../../../../arm-none-eabi/include/c++/13.3.1/bits/std_function.h:239:5:constexpr std::_Function_base::_Function_base()	16	static
C:\ST\STM32CubeIDE_1.18.0\STM32CubeIDE\plugins\com.st.stm32cube.ide.mcu.externaltools.gnu-tools-for-stm32.13.3.rel1.win32_1.0.0.202411081344\tools\bin/../lib/gcc/arm-none-eabi/13.3.1/../../../../arm-none-eabi/include/c++/13.3.1/bits/std_function.h:368:7:)>::function() [with _Res = void; _ArgTypes = {const std::vector<unsigned char, std::allocator<unsigned char> >&}]	16	static
C:\ST\STM32CubeIDE_1.18.0\STM32CubeIDE\plugins\com.st.stm32cube.ide.mcu.externaltools.gnu-tools-for-stm32.13.3.rel1.win32_1.0.0.202411081344\tools\bin/../lib/gcc/arm-none-eabi/13.3.1/../../../../arm-none-eabi/include/c++/13.3.1/bits/stl_map.h:1219:7:std::map<_Key, _Tp, _Compare, _Alloc>::iterator std::map<_Key, _Tp, _Compare, _Alloc>::find(const key_type&) [with _Key = USART_TypeDef*; _Tp = UartDevice*; _Compare = std::less<USART_TypeDef*>; _Alloc = std::allocator<std::pair<USART_TypeDef* const, UartDevice*> >]	16	static
C:\ST\STM32CubeIDE_1.18.0\STM32CubeIDE\plugins\com.st.stm32cube.ide.mcu.externaltools.gnu-tools-for-stm32.13.3.rel1.win32_1.0.0.202411081344\tools\bin/../lib/gcc/arm-none-eabi/13.3.1/../../../../arm-none-eabi/include/c++/13.3.1/bits/stl_map.h:386:7:std::map<_Key, _Tp, _Compare, _Alloc>::iterator std::map<_Key, _Tp, _Compare, _Alloc>::end() [with _Key = USART_TypeDef*; _Tp = UartDevice*; _Compare = std::less<USART_TypeDef*>; _Alloc = std::allocator<std::pair<USART_TypeDef* const, UartDevice*> >]	16	static
C:\ST\STM32CubeIDE_1.18.0\STM32CubeIDE\plugins\com.st.stm32cube.ide.mcu.externaltools.gnu-tools-for-stm32.13.3.rel1.win32_1.0.0.202411081344\tools\bin/../lib/gcc/arm-none-eabi/13.3.1/../../../../arm-none-eabi/include/c++/13.3.1/bits/stl_tree.h:320:7:bool std::operator!=(const _Rb_tree_iterator<pair<USART_TypeDef* const, UartDevice*> >::_Self&, const _Rb_tree_iterator<pair<USART_TypeDef* const, UartDevice*> >::_Self&)	16	static
C:\ST\STM32CubeIDE_1.18.0\STM32CubeIDE\plugins\com.st.stm32cube.ide.mcu.externaltools.gnu-tools-for-stm32.13.3.rel1.win32_1.0.0.202411081344\tools\bin/../lib/gcc/arm-none-eabi/13.3.1/../../../../arm-none-eabi/include/c++/13.3.1/bits/stl_tree.h:281:7:_Tp* std::_Rb_tree_iterator<_Tp>::operator->() const [with _Tp = std::pair<USART_TypeDef* const, UartDevice*>]	16	static
C:\ST\STM32CubeIDE_1.18.0\STM32CubeIDE\plugins\com.st.stm32cube.ide.mcu.externaltools.gnu-tools-for-stm32.13.3.rel1.win32_1.0.0.202411081344\tools\bin/../lib/gcc/arm-none-eabi/13.3.1/../../../../arm-none-eabi/include/c++/13.3.1/bits/stl_vector.h:707:2:std::vector<_Tp, _Alloc>::vector(_InputIterator, _InputIterator, const allocator_type&) [with _InputIterator = unsigned char*; <template-parameter-2-2> = void; _Tp = unsigned char; _Alloc = std::allocator<unsigned char>]	40	static
C:\ST\STM32CubeIDE_1.18.0\STM32CubeIDE\plugins\com.st.stm32cube.ide.mcu.externaltools.gnu-tools-for-stm32.13.3.rel1.win32_1.0.0.202411081344\tools\bin/../lib/gcc/arm-none-eabi/13.3.1/../../../../arm-none-eabi/include/c++/13.3.1/bits/stl_vector.h:733:7:std::vector<_Tp, _Alloc>::~vector() [with _Tp = unsigned char; _Alloc = std::allocator<unsigned char>]	40	static
C:\ST\STM32CubeIDE_1.18.0\STM32CubeIDE\plugins\com.st.stm32cube.ide.mcu.externaltools.gnu-tools-for-stm32.13.3.rel1.win32_1.0.0.202411081344\tools\bin/../lib/gcc/arm-none-eabi/13.3.1/../../../../arm-none-eabi/include/c++/13.3.1/bits/stl_tree.h:2529:5:std::_Rb_tree<_Key, _Val, _KeyOfValue, _Compare, _Alloc>::iterator std::_Rb_tree<_Key, _Val, _KeyOfValue, _Compare, _Alloc>::find(const _Key&) [with _Key = USART_TypeDef*; _Val = std::pair<USART_TypeDef* const, UartDevice*>; _KeyOfValue = std::_Select1st<std::pair<USART_TypeDef* const, UartDevice*> >; _Compare = std::less<USART_TypeDef*>; _Alloc = std::allocator<std::pair<USART_TypeDef* const, UartDevice*> >]	32	static
C:\ST\STM32CubeIDE_1.18.0\STM32CubeIDE\plugins\com.st.stm32cube.ide.mcu.externaltools.gnu-tools-for-stm32.13.3.rel1.win32_1.0.0.202411081344\tools\bin/../lib/gcc/arm-none-eabi/13.3.1/../../../../arm-none-eabi/include/c++/13.3.1/bits/stl_tree.h:1005:7:std::_Rb_tree<_Key, _Val, _KeyOfValue, _Compare, _Alloc>::iterator std::_Rb_tree<_Key, _Val, _KeyOfValue, _Compare, _Alloc>::end() [with _Key = USART_TypeDef*; _Val = std::pair<USART_TypeDef* const, UartDevice*>; _KeyOfValue = std::_Select1st<std::pair<USART_TypeDef* const, UartDevice*> >; _Compare = std::less<USART_TypeDef*>; _Alloc = std::allocator<std::pair<USART_TypeDef* const, UartDevice*> >]	24	static
C:\ST\STM32CubeIDE_1.18.0\STM32CubeIDE\plugins\com.st.stm32cube.ide.mcu.externaltools.gnu-tools-for-stm32.13.3.rel1.win32_1.0.0.202411081344\tools\bin/../lib/gcc/arm-none-eabi/13.3.1/../../../../arm-none-eabi/include/c++/13.3.1/bits/stl_tree.h:234:7:_Val* std::_Rb_tree_node<_Val>::_M_valptr() [with _Val = std::pair<USART_TypeDef* const, UartDevice*>]	16	static
C:\ST\STM32CubeIDE_1.18.0\STM32CubeIDE\plugins\com.st.stm32cube.ide.mcu.externaltools.gnu-tools-for-stm32.13.3.rel1.win32_1.0.0.202411081344\tools\arm-none-eabi\include\c++\13.3.1\bits\new_allocator.h:104:7:std::__new_allocator<_Tp>::~__new_allocator() [with _Tp = unsigned char]	16	static
C:\ST\STM32CubeIDE_1.18.0\STM32CubeIDE\plugins\com.st.stm32cube.ide.mcu.externaltools.gnu-tools-for-stm32.13.3.rel1.win32_1.0.0.202411081344\tools\bin/../lib/gcc/arm-none-eabi/13.3.1/../../../../arm-none-eabi/include/c++/13.3.1/bits/stl_vector.h:133:14:std::_Vector_base<unsigned char, std::allocator<unsigned char> >::_Vector_impl::~_Vector_impl()	24	static
C:\ST\STM32CubeIDE_1.18.0\STM32CubeIDE\plugins\com.st.stm32cube.ide.mcu.externaltools.gnu-tools-for-stm32.13.3.rel1.win32_1.0.0.202411081344\tools\bin/../lib/gcc/arm-none-eabi/13.3.1/../../../../arm-none-eabi/include/c++/13.3.1/bits/stl_vector.h:321:7:std::_Vector_base<_Tp, _Alloc>::_Vector_base(const allocator_type&) [with _Tp = unsigned char; _Alloc = std::allocator<unsigned char>]	16	static
C:\ST\STM32CubeIDE_1.18.0\STM32CubeIDE\plugins\com.st.stm32cube.ide.mcu.externaltools.gnu-tools-for-stm32.13.3.rel1.win32_1.0.0.202411081344\tools\bin/../lib/gcc/arm-none-eabi/13.3.1/../../../../arm-none-eabi/include/c++/13.3.1/bits/stl_vector.h:367:7:std::_Vector_base<_Tp, _Alloc>::~_Vector_base() [with _Tp = unsigned char; _Alloc = std::allocator<unsigned char>]	16	static
C:\ST\STM32CubeIDE_1.18.0\STM32CubeIDE\plugins\com.st.stm32cube.ide.mcu.externaltools.gnu-tools-for-stm32.13.3.rel1.win32_1.0.0.202411081344\tools\bin/../lib/gcc/arm-none-eabi/13.3.1/../../../../arm-none-eabi/include/c++/13.3.1/bits/stl_vector.h:1687:2:void std::vector<_Tp, _Alloc>::_M_range_initialize(_ForwardIterator, _ForwardIterator, std::forward_iterator_tag) [with _ForwardIterator = unsigned char*; _Tp = unsigned char; _Alloc = std::allocator<unsigned char>]	56	static
C:\ST\STM32CubeIDE_1.18.0\STM32CubeIDE\plugins\com.st.stm32cube.ide.mcu.externaltools.gnu-tools-for-stm32.13.3.rel1.win32_1.0.0.202411081344\tools\bin/../lib/gcc/arm-none-eabi/13.3.1/../../../../arm-none-eabi/include/c++/13.3.1/bits/stl_vector.h:301:7:std::_Vector_base<_Tp, _Alloc>::_Tp_alloc_type& std::_Vector_base<_Tp, _Alloc>::_M_get_Tp_allocator() [with _Tp = unsigned char; _Alloc = std::allocator<unsigned char>]	16	static
C:\ST\STM32CubeIDE_1.18.0\STM32CubeIDE\plugins\com.st.stm32cube.ide.mcu.externaltools.gnu-tools-for-stm32.13.3.rel1.win32_1.0.0.202411081344\tools\bin/../lib/gcc/arm-none-eabi/13.3.1/../../../../arm-none-eabi/include/c++/13.3.1/bits/stl_tree.h:740:7:std::_Rb_tree_node<_Val>* std::_Rb_tree<_Key, _Val, _KeyOfValue, _Compare, _Alloc>::_M_begin() [with _Key = USART_TypeDef*; _Val = std::pair<USART_TypeDef* const, UartDevice*>; _KeyOfValue = std::_Select1st<std::pair<USART_TypeDef* const, UartDevice*> >; _Compare = std::less<USART_TypeDef*>; _Alloc = std::allocator<std::pair<USART_TypeDef* const, UartDevice*> >]	16	static
C:\ST\STM32CubeIDE_1.18.0\STM32CubeIDE\plugins\com.st.stm32cube.ide.mcu.externaltools.gnu-tools-for-stm32.13.3.rel1.win32_1.0.0.202411081344\tools\bin/../lib/gcc/arm-none-eabi/13.3.1/../../../../arm-none-eabi/include/c++/13.3.1/bits/stl_tree.h:751:7:std::_Rb_tree_node_base* std::_Rb_tree<_Key, _Val, _KeyOfValue, _Compare, _Alloc>::_M_end() [with _Key = USART_TypeDef*; _Val = std::pair<USART_TypeDef* const, UartDevice*>; _KeyOfValue = std::_Select1st<std::pair<USART_TypeDef* const, UartDevice*> >; _Compare = std::less<USART_TypeDef*>; _Alloc = std::allocator<std::pair<USART_TypeDef* const, UartDevice*> >]	16	static
C:\ST\STM32CubeIDE_1.18.0\STM32CubeIDE\plugins\com.st.stm32cube.ide.mcu.externaltools.gnu-tools-for-stm32.13.3.rel1.win32_1.0.0.202411081344\tools\bin/../lib/gcc/arm-none-eabi/13.3.1/../../../../arm-none-eabi/include/c++/13.3.1/bits/stl_tree.h:1947:5:std::_Rb_tree<_Key, _Val, _KeyOfValue, _Compare, _Alloc>::iterator std::_Rb_tree<_Key, _Val, _KeyOfValue, _Compare, _Alloc>::_M_lower_bound(_Link_type, _Base_ptr, const _Key&) [with _Key = USART_TypeDef*; _Val = std::pair<USART_TypeDef* const, UartDevice*>; _KeyOfValue = std::_Select1st<std::pair<USART_TypeDef* const, UartDevice*> >; _Compare = std::less<USART_TypeDef*>; _Alloc = std::allocator<std::pair<USART_TypeDef* const, UartDevice*> >]	40	static
C:\ST\STM32CubeIDE_1.18.0\STM32CubeIDE\plugins\com.st.stm32cube.ide.mcu.externaltools.gnu-tools-for-stm32.13.3.rel1.win32_1.0.0.202411081344\tools\bin/../lib/gcc/arm-none-eabi/13.3.1/../../../../arm-none-eabi/include/c++/13.3.1/bits/stl_tree.h:315:7:bool std::operator==(const _Rb_tree_iterator<pair<USART_TypeDef* const, UartDevice*> >::_Self&, const _Rb_tree_iterator<pair<USART_TypeDef* const, UartDevice*> >::_Self&)	16	static
C:\ST\STM32CubeIDE_1.18.0\STM32CubeIDE\plugins\com.st.stm32cube.ide.mcu.externaltools.gnu-tools-for-stm32.13.3.rel1.win32_1.0.0.202411081344\tools\bin/../lib/gcc/arm-none-eabi/13.3.1/../../../../arm-none-eabi/include/c++/13.3.1/bits/stl_tree.h:797:7:static const _Key& std::_Rb_tree<_Key, _Val, _KeyOfValue, _Compare, _Alloc>::_S_key(_Const_Base_ptr) [with _Key = USART_TypeDef*; _Val = std::pair<USART_TypeDef* const, UartDevice*>; _KeyOfValue = std::_Select1st<std::pair<USART_TypeDef* const, UartDevice*> >; _Compare = std::less<USART_TypeDef*>; _Alloc = std::allocator<std::pair<USART_TypeDef* const, UartDevice*> >]	16	static
C:\ST\STM32CubeIDE_1.18.0\STM32CubeIDE\plugins\com.st.stm32cube.ide.mcu.externaltools.gnu-tools-for-stm32.13.3.rel1.win32_1.0.0.202411081344\tools\bin/../lib/gcc/arm-none-eabi/13.3.1/../../../../arm-none-eabi/include/c++/13.3.1/bits/stl_function.h:451:7:constexpr bool std::less<_Tp*>::operator()(_Tp*, _Tp*) const [with _Tp = USART_TypeDef]	24	static
C:\ST\STM32CubeIDE_1.18.0\STM32CubeIDE\plugins\com.st.stm32cube.ide.mcu.externaltools.gnu-tools-for-stm32.13.3.rel1.win32_1.0.0.202411081344\tools\bin/../lib/gcc/arm-none-eabi/13.3.1/../../../../arm-none-eabi/include/c++/13.3.1/bits/stl_tree.h:273:7:std::_Rb_tree_iterator<_Tp>::_Rb_tree_iterator(_Base_ptr) [with _Tp = std::pair<USART_TypeDef* const, UartDevice*>]	16	static
C:\ST\STM32CubeIDE_1.18.0\STM32CubeIDE\plugins\com.st.stm32cube.ide.mcu.externaltools.gnu-tools-for-stm32.13.3.rel1.win32_1.0.0.202411081344\tools\arm-none-eabi\include\c++\13.3.1\ext\aligned_buffer.h:72:7:_Tp* __gnu_cxx::__aligned_membuf<_Tp>::_M_ptr() [with _Tp = std::pair<USART_TypeDef* const, UartDevice*>]	16	static
C:\ST\STM32CubeIDE_1.18.0\STM32CubeIDE\plugins\com.st.stm32cube.ide.mcu.externaltools.gnu-tools-for-stm32.13.3.rel1.win32_1.0.0.202411081344\tools\bin/../lib/gcc/arm-none-eabi/13.3.1/../../../../arm-none-eabi/include/c++/13.3.1/bits/stl_vector.h:146:2:std::_Vector_base<_Tp, _Alloc>::_Vector_impl::_Vector_impl(const std::_Vector_base<_Tp, _Alloc>::_Tp_alloc_type&) [with _Tp = unsigned char; _Alloc = std::allocator<unsigned char>]	32	static
C:\ST\STM32CubeIDE_1.18.0\STM32CubeIDE\plugins\com.st.stm32cube.ide.mcu.externaltools.gnu-tools-for-stm32.13.3.rel1.win32_1.0.0.202411081344\tools\bin/../lib/gcc/arm-none-eabi/13.3.1/../../../../arm-none-eabi/include/c++/13.3.1/bits/stl_vector.h:386:7:void std::_Vector_base<_Tp, _Alloc>::_M_deallocate(pointer, std::size_t) [with _Tp = unsigned char; _Alloc = std::allocator<unsigned char>]	40	static
C:\ST\STM32CubeIDE_1.18.0\STM32CubeIDE\plugins\com.st.stm32cube.ide.mcu.externaltools.gnu-tools-for-stm32.13.3.rel1.win32_1.0.0.202411081344\tools\bin/../lib/gcc/arm-none-eabi/13.3.1/../../../../arm-none-eabi/include/c++/13.3.1/bits/stl_vector.h:1907:7:static std::vector<_Tp, _Alloc>::size_type std::vector<_Tp, _Alloc>::_S_check_init_len(size_type, const allocator_type&) [with _Tp = unsigned char; _Alloc = std::allocator<unsigned char>]	40	static
C:\ST\STM32CubeIDE_1.18.0\STM32CubeIDE\plugins\com.st.stm32cube.ide.mcu.externaltools.gnu-tools-for-stm32.13.3.rel1.win32_1.0.0.202411081344\tools\bin/../lib/gcc/arm-none-eabi/13.3.1/../../../../arm-none-eabi/include/c++/13.3.1/bits/stl_vector.h:378:7:std::_Vector_base<_Tp, _Alloc>::pointer std::_Vector_base<_Tp, _Alloc>::_M_allocate(std::size_t) [with _Tp = unsigned char; _Alloc = std::allocator<unsigned char>]	24	static
C:\ST\STM32CubeIDE_1.18.0\STM32CubeIDE\plugins\com.st.stm32cube.ide.mcu.externaltools.gnu-tools-for-stm32.13.3.rel1.win32_1.0.0.202411081344\tools\arm-none-eabi\include\c++\13.3.1\bits\stl_uninitialized.h:366:5:_ForwardIterator std::__uninitialized_copy_a(_InputIterator, _InputIterator, _ForwardIterator, allocator<_Tp>&) [with _InputIterator = unsigned char*; _ForwardIterator = unsigned char*; _Tp = unsigned char]	24	static
C:\ST\STM32CubeIDE_1.18.0\STM32CubeIDE\plugins\com.st.stm32cube.ide.mcu.externaltools.gnu-tools-for-stm32.13.3.rel1.win32_1.0.0.202411081344\tools\arm-none-eabi\include\c++\13.3.1\bits\stl_construct.h:182:5:void std::_Destroy(_ForwardIterator, _ForwardIterator) [with _ForwardIterator = unsigned char*]	16	static
C:\ST\STM32CubeIDE_1.18.0\STM32CubeIDE\plugins\com.st.stm32cube.ide.mcu.externaltools.gnu-tools-for-stm32.13.3.rel1.win32_1.0.0.202411081344\tools\bin/../lib/gcc/arm-none-eabi/13.3.1/../../../../arm-none-eabi/include/c++/13.3.1/bits/stl_tree.h:736:7:std::_Rb_tree_node<_Val>* std::_Rb_tree<_Key, _Val, _KeyOfValue, _Compare, _Alloc>::_M_mbegin() const [with _Key = USART_TypeDef*; _Val = std::pair<USART_TypeDef* const, UartDevice*>; _KeyOfValue = std::_Select1st<std::pair<USART_TypeDef* const, UartDevice*> >; _Compare = std::less<USART_TypeDef*>; _Alloc = std::allocator<std::pair<USART_TypeDef* const, UartDevice*> >]	16	static
C:\ST\STM32CubeIDE_1.18.0\STM32CubeIDE\plugins\com.st.stm32cube.ide.mcu.externaltools.gnu-tools-for-stm32.13.3.rel1.win32_1.0.0.202411081344\tools\bin/../lib/gcc/arm-none-eabi/13.3.1/../../../../arm-none-eabi/include/c++/13.3.1/bits/stl_tree.h:759:7:static const _Key& std::_Rb_tree<_Key, _Val, _KeyOfValue, _Compare, _Alloc>::_S_key(_Const_Link_type) [with _Key = USART_TypeDef*; _Val = std::pair<USART_TypeDef* const, UartDevice*>; _KeyOfValue = std::_Select1st<std::pair<USART_TypeDef* const, UartDevice*> >; _Compare = std::less<USART_TypeDef*>; _Alloc = std::allocator<std::pair<USART_TypeDef* const, UartDevice*> >]	24	static
C:\ST\STM32CubeIDE_1.18.0\STM32CubeIDE\plugins\com.st.stm32cube.ide.mcu.externaltools.gnu-tools-for-stm32.13.3.rel1.win32_1.0.0.202411081344\tools\bin/../lib/gcc/arm-none-eabi/13.3.1/../../../../arm-none-eabi/include/c++/13.3.1/bits/stl_tree.h:781:7:static std::_Rb_tree_node<_Val>* std::_Rb_tree<_Key, _Val, _KeyOfValue, _Compare, _Alloc>::_S_left(_Base_ptr) [with _Key = USART_TypeDef*; _Val = std::pair<USART_TypeDef* const, UartDevice*>; _KeyOfValue = std::_Select1st<std::pair<USART_TypeDef* const, UartDevice*> >; _Compare = std::less<USART_TypeDef*>; _Alloc = std::allocator<std::pair<USART_TypeDef* const, UartDevice*> >]	16	static
C:\ST\STM32CubeIDE_1.18.0\STM32CubeIDE\plugins\com.st.stm32cube.ide.mcu.externaltools.gnu-tools-for-stm32.13.3.rel1.win32_1.0.0.202411081344\tools\bin/../lib/gcc/arm-none-eabi/13.3.1/../../../../arm-none-eabi/include/c++/13.3.1/bits/stl_tree.h:789:7:static std::_Rb_tree_node<_Val>* std::_Rb_tree<_Key, _Val, _KeyOfValue, _Compare, _Alloc>::_S_right(_Base_ptr) [with _Key = USART_TypeDef*; _Val = std::pair<USART_TypeDef* const, UartDevice*>; _KeyOfValue = std::_Select1st<std::pair<USART_TypeDef* const, UartDevice*> >; _Compare = std::less<USART_TypeDef*>; _Alloc = std::allocator<std::pair<USART_TypeDef* const, UartDevice*> >]	16	static
C:\ST\STM32CubeIDE_1.18.0\STM32CubeIDE\plugins\com.st.stm32cube.ide.mcu.externaltools.gnu-tools-for-stm32.13.3.rel1.win32_1.0.0.202411081344\tools\arm-none-eabi\include\c++\13.3.1\ext\aligned_buffer.h:64:7:void* __gnu_cxx::__aligned_membuf<_Tp>::_M_addr() [with _Tp = std::pair<USART_TypeDef* const, UartDevice*>]	16	static
C:\ST\STM32CubeIDE_1.18.0\STM32CubeIDE\plugins\com.st.stm32cube.ide.mcu.externaltools.gnu-tools-for-stm32.13.3.rel1.win32_1.0.0.202411081344\tools\bin/../lib/gcc/arm-none-eabi/13.3.1/../../../../arm-none-eabi/include/c++/13.3.1/bits/stl_vector.h:99:2:std::_Vector_base<_Tp, _Alloc>::_Vector_impl_data::_Vector_impl_data() [with _Tp = unsigned char; _Alloc = std::allocator<unsigned char>]	16	static
C:\ST\STM32CubeIDE_1.18.0\STM32CubeIDE\plugins\com.st.stm32cube.ide.mcu.externaltools.gnu-tools-for-stm32.13.3.rel1.win32_1.0.0.202411081344\tools\bin/../lib/gcc/arm-none-eabi/13.3.1/../../../../arm-none-eabi/include/c++/13.3.1/bits/stl_vector.h:1916:7:static std::vector<_Tp, _Alloc>::size_type std::vector<_Tp, _Alloc>::_S_max_size(const _Tp_alloc_type&) [with _Tp = unsigned char; _Alloc = std::allocator<unsigned char>]	40	static
C:\ST\STM32CubeIDE_1.18.0\STM32CubeIDE\plugins\com.st.stm32cube.ide.mcu.externaltools.gnu-tools-for-stm32.13.3.rel1.win32_1.0.0.202411081344\tools\arm-none-eabi\include\c++\13.3.1\bits\stl_uninitialized.h:163:5:_ForwardIterator std::uninitialized_copy(_InputIterator, _InputIterator, _ForwardIterator) [with _InputIterator = unsigned char*; _ForwardIterator = unsigned char*]	32	static
C:\ST\STM32CubeIDE_1.18.0\STM32CubeIDE\plugins\com.st.stm32cube.ide.mcu.externaltools.gnu-tools-for-stm32.13.3.rel1.win32_1.0.0.202411081344\tools\arm-none-eabi\include\c++\13.3.1\bits\stl_construct.h:172:9:static void std::_Destroy_aux<true>::__destroy(_ForwardIterator, _ForwardIterator) [with _ForwardIterator = unsigned char*]	16	static
C:\ST\STM32CubeIDE_1.18.0\STM32CubeIDE\plugins\com.st.stm32cube.ide.mcu.externaltools.gnu-tools-for-stm32.13.3.rel1.win32_1.0.0.202411081344\tools\bin/../lib/gcc/arm-none-eabi/13.3.1/../../../../arm-none-eabi/include/c++/13.3.1/bits/stl_tree.h:238:7:const _Val* std::_Rb_tree_node<_Val>::_M_valptr() const [with _Val = std::pair<USART_TypeDef* const, UartDevice*>]	16	static
C:\ST\STM32CubeIDE_1.18.0\STM32CubeIDE\plugins\com.st.stm32cube.ide.mcu.externaltools.gnu-tools-for-stm32.13.3.rel1.win32_1.0.0.202411081344\tools\bin/../lib/gcc/arm-none-eabi/13.3.1/../../../../arm-none-eabi/include/c++/13.3.1/bits/stl_function.h:1182:7:const typename _Pair::first_type& std::_Select1st<_Pair>::operator()(const _Pair&) const [with _Pair = std::pair<USART_TypeDef* const, UartDevice*>]	16	static
C:\ST\STM32CubeIDE_1.18.0\STM32CubeIDE\plugins\com.st.stm32cube.ide.mcu.externaltools.gnu-tools-for-stm32.13.3.rel1.win32_1.0.0.202411081344\tools\arm-none-eabi\include\c++\13.3.1\bits\new_allocator.h:156:7:void std::__new_allocator<_Tp>::deallocate(_Tp*, size_type) [with _Tp = unsigned char]	24	static
C:\ST\STM32CubeIDE_1.18.0\STM32CubeIDE\plugins\com.st.stm32cube.ide.mcu.externaltools.gnu-tools-for-stm32.13.3.rel1.win32_1.0.0.202411081344\tools\bin/../lib/gcc/arm-none-eabi/13.3.1/../../../../arm-none-eabi/include/c++/13.3.1/bits/stl_algobase.h:233:5:constexpr const _Tp& std::min(const _Tp&, const _Tp&) [with _Tp = unsigned int]	16	static
C:\ST\STM32CubeIDE_1.18.0\STM32CubeIDE\plugins\com.st.stm32cube.ide.mcu.externaltools.gnu-tools-for-stm32.13.3.rel1.win32_1.0.0.202411081344\tools\arm-none-eabi\include\c++\13.3.1\bits\new_allocator.h:126:7:_Tp* std::__new_allocator<_Tp>::allocate(size_type, const void*) [with _Tp = unsigned char]	32	static
C:\ST\STM32CubeIDE_1.18.0\STM32CubeIDE\plugins\com.st.stm32cube.ide.mcu.externaltools.gnu-tools-for-stm32.13.3.rel1.win32_1.0.0.202411081344\tools\arm-none-eabi\include\c++\13.3.1\bits\stl_uninitialized.h:145:9:static _ForwardIterator std::__uninitialized_copy<true>::__uninit_copy(_InputIterator, _InputIterator, _ForwardIterator) [with _InputIterator = unsigned char*; _ForwardIterator = unsigned char*]	24	static
C:\ST\STM32CubeIDE_1.18.0\STM32CubeIDE\plugins\com.st.stm32cube.ide.mcu.externaltools.gnu-tools-for-stm32.13.3.rel1.win32_1.0.0.202411081344\tools\arm-none-eabi\include\c++\13.3.1\ext\aligned_buffer.h:76:7:const _Tp* __gnu_cxx::__aligned_membuf<_Tp>::_M_ptr() const [with _Tp = std::pair<USART_TypeDef* const, UartDevice*>]	16	static
C:\ST\STM32CubeIDE_1.18.0\STM32CubeIDE\plugins\com.st.stm32cube.ide.mcu.externaltools.gnu-tools-for-stm32.13.3.rel1.win32_1.0.0.202411081344\tools\bin/../lib/gcc/arm-none-eabi/13.3.1/../../../../arm-none-eabi/include/c++/13.3.1/bits/stl_algobase.h:624:5:_OI std::copy(_II, _II, _OI) [with _II = unsigned char*; _OI = unsigned char*]	32	static
C:\ST\STM32CubeIDE_1.18.0\STM32CubeIDE\plugins\com.st.stm32cube.ide.mcu.externaltools.gnu-tools-for-stm32.13.3.rel1.win32_1.0.0.202411081344\tools\arm-none-eabi\include\c++\13.3.1\ext\aligned_buffer.h:68:7:const void* __gnu_cxx::__aligned_membuf<_Tp>::_M_addr() const [with _Tp = std::pair<USART_TypeDef* const, UartDevice*>]	16	static
C:\ST\STM32CubeIDE_1.18.0\STM32CubeIDE\plugins\com.st.stm32cube.ide.mcu.externaltools.gnu-tools-for-stm32.13.3.rel1.win32_1.0.0.202411081344\tools\arm-none-eabi\include\c++\13.3.1\bits\cpp_type_traits.h:607:5:_Iterator std::__miter_base(_Iterator) [with _Iterator = unsigned char*]	16	static
C:\ST\STM32CubeIDE_1.18.0\STM32CubeIDE\plugins\com.st.stm32cube.ide.mcu.externaltools.gnu-tools-for-stm32.13.3.rel1.win32_1.0.0.202411081344\tools\bin/../lib/gcc/arm-none-eabi/13.3.1/../../../../arm-none-eabi/include/c++/13.3.1/bits/stl_algobase.h:538:5:_OI std::__copy_move_a(_II, _II, _OI) [with bool _IsMove = false; _II = unsigned char*; _OI = unsigned char*]	32	static
C:\ST\STM32CubeIDE_1.18.0\STM32CubeIDE\plugins\com.st.stm32cube.ide.mcu.externaltools.gnu-tools-for-stm32.13.3.rel1.win32_1.0.0.202411081344\tools\bin/../lib/gcc/arm-none-eabi/13.3.1/../../../../arm-none-eabi/include/c++/13.3.1/bits/stl_algobase.h:316:5:_Iterator std::__niter_base(_Iterator) [with _Iterator = unsigned char*]	16	static
C:\ST\STM32CubeIDE_1.18.0\STM32CubeIDE\plugins\com.st.stm32cube.ide.mcu.externaltools.gnu-tools-for-stm32.13.3.rel1.win32_1.0.0.202411081344\tools\bin/../lib/gcc/arm-none-eabi/13.3.1/../../../../arm-none-eabi/include/c++/13.3.1/bits/stl_algobase.h:532:5:_OI std::__copy_move_a1(_II, _II, _OI) [with bool _IsMove = false; _II = unsigned char*; _OI = unsigned char*]	24	static
C:\ST\STM32CubeIDE_1.18.0\STM32CubeIDE\plugins\com.st.stm32cube.ide.mcu.externaltools.gnu-tools-for-stm32.13.3.rel1.win32_1.0.0.202411081344\tools\bin/../lib/gcc/arm-none-eabi/13.3.1/../../../../arm-none-eabi/include/c++/13.3.1/bits/stl_algobase.h:338:5:_Iterator std::__niter_wrap(const _Iterator&, _Iterator) [with _Iterator = unsigned char*]	16	static
C:\ST\STM32CubeIDE_1.18.0\STM32CubeIDE\plugins\com.st.stm32cube.ide.mcu.externaltools.gnu-tools-for-stm32.13.3.rel1.win32_1.0.0.202411081344\tools\bin/../lib/gcc/arm-none-eabi/13.3.1/../../../../arm-none-eabi/include/c++/13.3.1/bits/stl_algobase.h:497:5:_OI std::__copy_move_a2(_II, _II, _OI) [with bool _IsMove = false; _II = unsigned char*; _OI = unsigned char*]	24	static
C:\ST\STM32CubeIDE_1.18.0\STM32CubeIDE\plugins\com.st.stm32cube.ide.mcu.externaltools.gnu-tools-for-stm32.13.3.rel1.win32_1.0.0.202411081344\tools\bin/../lib/gcc/arm-none-eabi/13.3.1/../../../../arm-none-eabi/include/c++/13.3.1/bits/stl_algobase.h:433:2:static _Up* std::__copy_move<_IsMove, true, std::random_access_iterator_tag>::__copy_m(_Tp*, _Tp*, _Up*) [with _Tp = unsigned char; _Up = unsigned char; bool _IsMove = false]	32	static
C:\ST\STM32CubeIDE_1.18.0\STM32CubeIDE\plugins\com.st.stm32cube.ide.mcu.externaltools.gnu-tools-for-stm32.13.3.rel1.win32_1.0.0.202411081344\tools\bin/../lib/gcc/arm-none-eabi/13.3.1/../../../../arm-none-eabi/include/c++/13.3.1/bits/stl_algobase.h:397:2:static void std::__copy_move<false, false, std::random_access_iterator_tag>::__assign_one(_Tp*, _Up*) [with _Tp = unsigned char; _Up = unsigned char]	16	static
../Core/Src/UartDevice.cpp:111:1:void __static_initialization_and_destruction_0()	8	static
../Core/Src/UartDevice.cpp:111:1:cpp)	8	static
