../Core/Src/uart.h:18:8:UART::UART()	16	static
C:\ST\STM32CubeIDE_1.13.2\STM32CubeIDE\plugins\com.st.stm32cube.ide.mcu.externaltools.gnu-tools-for-stm32.11.3.rel1.win32_1.1.1.202309131626\tools\arm-none-eabi\include\c++\11.3.1\arm-none-eabi\thumb\v7e-m+fp\hard\bits\gthr-default.h:229:1:int __gthread_key_delete(__gthread_key_t)	16	static
../Core/Src/uart.cpp:14:7:void UART::init(USART_TypeDef*, uint32_t, bool)	24	static
../Core/Src/uart.cpp:43:8:bool UART::received()	16	static
../Core/Src/uart.cpp:49:8:void UART::StartReceive(void*, size_t)	168	static
../Core/Src/uart.cpp:106:21:HAL_StatusTypeDef UART::receive(void*, uint32_t)	24	static
../Core/Src/uart.cpp:114:20:HAL_StatusTypeDef UART::receive()	16	static
../Core/Src/uart.cpp:117:7:void UART::KillRx()	16	static
../Core/Src/uart.cpp:122:20:HAL_StatusTypeDef UART::send(void*, uint32_t)	24	static
../Core/Src/uart.cpp:125:7:void UART::println(const char*)	40	static
../Core/Src/uart.cpp:147:7:bool UART::IsSent()	16	static
../Core/Src/uart.cpp:150:18:USART_TypeDef* UART::getHuart()	16	static
C:\ST\STM32CubeIDE_1.13.2\STM32CubeIDE\plugins\com.st.stm32cube.ide.mcu.externaltools.gnu-tools-for-stm32.11.3.rel1.win32_1.1.1.202309131626\tools\bin/../lib/gcc/arm-none-eabi/11.3.1/../../../../arm-none-eabi/include/c++/11.3.1/bits/stl_map.h:302:7:std::map<_Key, _Tp, _Compare, _Alloc>::~map() [with _Key = std::__cxx11::basic_string<char>; _Tp = std::vector<unsigned char>; _Compare = std::less<std::__cxx11::basic_string<char> >; _Alloc = std::allocator<std::pair<const std::__cxx11::basic_string<char>, std::vector<unsigned char> > >]	16	static
../Core/Src/Client.h:18:7:Client::~Client()	16	static
../Core/Src/Client.h:18:7:virtual Client::~Client()	16	static
../Core/Src/uart.cpp:152:2:void __static_initialization_and_destruction_0(int, int)	16	static
C:\ST\STM32CubeIDE_1.13.2\STM32CubeIDE\plugins\com.st.stm32cube.ide.mcu.externaltools.gnu-tools-for-stm32.11.3.rel1.win32_1.1.1.202309131626\tools\bin/../lib/gcc/arm-none-eabi/11.3.1/../../../../arm-none-eabi/include/c++/11.3.1/bits/stl_tree.h:660:9:std::_Rb_tree<std::__cxx11::basic_string<char>, std::pair<const std::__cxx11::basic_string<char>, std::vector<unsigned char> >, std::_Select1st<std::pair<const std::__cxx11::basic_string<char>, std::vector<unsigned char> > >, std::less<std::__cxx11::basic_string<char> >, std::allocator<std::pair<const std::__cxx11::basic_string<char>, std::vector<unsigned char> > > >::_Rb_tree_impl<std::less<std::__cxx11::basic_string<char> >, true>::~_Rb_tree_impl()	16	static
C:\ST\STM32CubeIDE_1.13.2\STM32CubeIDE\plugins\com.st.stm32cube.ide.mcu.externaltools.gnu-tools-for-stm32.11.3.rel1.win32_1.1.1.202309131626\tools\bin/../lib/gcc/arm-none-eabi/11.3.1/../../../../arm-none-eabi/include/c++/11.3.1/bits/stl_tree.h:983:7:std::_Rb_tree<_Key, _Val, _KeyOfValue, _Compare, _Alloc>::~_Rb_tree() [with _Key = std::__cxx11::basic_string<char>; _Val = std::pair<const std::__cxx11::basic_string<char>, std::vector<unsigned char> >; _KeyOfValue = std::_Select1st<std::pair<const std::__cxx11::basic_string<char>, std::vector<unsigned char> > >; _Compare = std::less<std::__cxx11::basic_string<char> >; _Alloc = std::allocator<std::pair<const std::__cxx11::basic_string<char>, std::vector<unsigned char> > >]	16	static
C:\ST\STM32CubeIDE_1.13.2\STM32CubeIDE\plugins\com.st.stm32cube.ide.mcu.externaltools.gnu-tools-for-stm32.11.3.rel1.win32_1.1.1.202309131626\tools\bin/../lib/gcc/arm-none-eabi/11.3.1/../../../../arm-none-eabi/include/c++/11.3.1/bits/allocator.h:174:7:std::allocator< <template-parameter-1-1> >::~allocator() [with _Tp = std::_Rb_tree_node<std::pair<const std::__cxx11::basic_string<char>, std::vector<unsigned char> > >]	16	static
C:\ST\STM32CubeIDE_1.13.2\STM32CubeIDE\plugins\com.st.stm32cube.ide.mcu.externaltools.gnu-tools-for-stm32.11.3.rel1.win32_1.1.1.202309131626\tools\bin/../lib/gcc/arm-none-eabi/11.3.1/../../../../arm-none-eabi/include/c++/11.3.1/bits/stl_tree.h:1883:5:void std::_Rb_tree<_Key, _Val, _KeyOfValue, _Compare, _Alloc>::_M_erase(std::_Rb_tree<_Key, _Val, _KeyOfValue, _Compare, _Alloc>::_Link_type) [with _Key = std::__cxx11::basic_string<char>; _Val = std::pair<const std::__cxx11::basic_string<char>, std::vector<unsigned char> >; _KeyOfValue = std::_Select1st<std::pair<const std::__cxx11::basic_string<char>, std::vector<unsigned char> > >; _Compare = std::less<std::__cxx11::basic_string<char> >; _Alloc = std::allocator<std::pair<const std::__cxx11::basic_string<char>, std::vector<unsigned char> > >]	24	static
C:\ST\STM32CubeIDE_1.13.2\STM32CubeIDE\plugins\com.st.stm32cube.ide.mcu.externaltools.gnu-tools-for-stm32.11.3.rel1.win32_1.1.1.202309131626\tools\bin/../lib/gcc/arm-none-eabi/11.3.1/../../../../arm-none-eabi/include/c++/11.3.1/bits/stl_tree.h:738:7:std::_Rb_tree_node<_Val>* std::_Rb_tree<_Key, _Val, _KeyOfValue, _Compare, _Alloc>::_M_begin() [with _Key = std::__cxx11::basic_string<char>; _Val = std::pair<const std::__cxx11::basic_string<char>, std::vector<unsigned char> >; _KeyOfValue = std::_Select1st<std::pair<const std::__cxx11::basic_string<char>, std::vector<unsigned char> > >; _Compare = std::less<std::__cxx11::basic_string<char> >; _Alloc = std::allocator<std::pair<const std::__cxx11::basic_string<char>, std::vector<unsigned char> > >]	16	static
C:\ST\STM32CubeIDE_1.13.2\STM32CubeIDE\plugins\com.st.stm32cube.ide.mcu.externaltools.gnu-tools-for-stm32.11.3.rel1.win32_1.1.1.202309131626\tools\bin/../lib/gcc/arm-none-eabi/11.3.1/../../../../arm-none-eabi/include/c++/11.3.1/ext/new_allocator.h:89:7:__gnu_cxx::new_allocator<_Tp>::~new_allocator() [with _Tp = std::_Rb_tree_node<std::pair<const std::__cxx11::basic_string<char>, std::vector<unsigned char> > >]	16	static
C:\ST\STM32CubeIDE_1.13.2\STM32CubeIDE\plugins\com.st.stm32cube.ide.mcu.externaltools.gnu-tools-for-stm32.11.3.rel1.win32_1.1.1.202309131626\tools\bin/../lib/gcc/arm-none-eabi/11.3.1/../../../../arm-none-eabi/include/c++/11.3.1/bits/stl_tree.h:787:7:static std::_Rb_tree_node<_Val>* std::_Rb_tree<_Key, _Val, _KeyOfValue, _Compare, _Alloc>::_S_right(std::_Rb_tree<_Key, _Val, _KeyOfValue, _Compare, _Alloc>::_Base_ptr) [with _Key = std::__cxx11::basic_string<char>; _Val = std::pair<const std::__cxx11::basic_string<char>, std::vector<unsigned char> >; _KeyOfValue = std::_Select1st<std::pair<const std::__cxx11::basic_string<char>, std::vector<unsigned char> > >; _Compare = std::less<std::__cxx11::basic_string<char> >; _Alloc = std::allocator<std::pair<const std::__cxx11::basic_string<char>, std::vector<unsigned char> > >]	16	static
C:\ST\STM32CubeIDE_1.13.2\STM32CubeIDE\plugins\com.st.stm32cube.ide.mcu.externaltools.gnu-tools-for-stm32.11.3.rel1.win32_1.1.1.202309131626\tools\bin/../lib/gcc/arm-none-eabi/11.3.1/../../../../arm-none-eabi/include/c++/11.3.1/bits/stl_tree.h:779:7:static std::_Rb_tree_node<_Val>* std::_Rb_tree<_Key, _Val, _KeyOfValue, _Compare, _Alloc>::_S_left(std::_Rb_tree<_Key, _Val, _KeyOfValue, _Compare, _Alloc>::_Base_ptr) [with _Key = std::__cxx11::basic_string<char>; _Val = std::pair<const std::__cxx11::basic_string<char>, std::vector<unsigned char> >; _KeyOfValue = std::_Select1st<std::pair<const std::__cxx11::basic_string<char>, std::vector<unsigned char> > >; _Compare = std::less<std::__cxx11::basic_string<char> >; _Alloc = std::allocator<std::pair<const std::__cxx11::basic_string<char>, std::vector<unsigned char> > >]	16	static
C:\ST\STM32CubeIDE_1.13.2\STM32CubeIDE\plugins\com.st.stm32cube.ide.mcu.externaltools.gnu-tools-for-stm32.11.3.rel1.win32_1.1.1.202309131626\tools\bin/../lib/gcc/arm-none-eabi/11.3.1/../../../../arm-none-eabi/include/c++/11.3.1/bits/stl_tree.h:629:7:void std::_Rb_tree<_Key, _Val, _KeyOfValue, _Compare, _Alloc>::_M_drop_node(std::_Rb_tree<_Key, _Val, _KeyOfValue, _Compare, _Alloc>::_Link_type) [with _Key = std::__cxx11::basic_string<char>; _Val = std::pair<const std::__cxx11::basic_string<char>, std::vector<unsigned char> >; _KeyOfValue = std::_Select1st<std::pair<const std::__cxx11::basic_string<char>, std::vector<unsigned char> > >; _Compare = std::less<std::__cxx11::basic_string<char> >; _Alloc = std::allocator<std::pair<const std::__cxx11::basic_string<char>, std::vector<unsigned char> > >]	16	static
C:\ST\STM32CubeIDE_1.13.2\STM32CubeIDE\plugins\com.st.stm32cube.ide.mcu.externaltools.gnu-tools-for-stm32.11.3.rel1.win32_1.1.1.202309131626\tools\bin/../lib/gcc/arm-none-eabi/11.3.1/../../../../arm-none-eabi/include/c++/11.3.1/bits/stl_tree.h:734:7:std::_Rb_tree_node<_Val>* std::_Rb_tree<_Key, _Val, _KeyOfValue, _Compare, _Alloc>::_M_mbegin() const [with _Key = std::__cxx11::basic_string<char>; _Val = std::pair<const std::__cxx11::basic_string<char>, std::vector<unsigned char> >; _KeyOfValue = std::_Select1st<std::pair<const std::__cxx11::basic_string<char>, std::vector<unsigned char> > >; _Compare = std::less<std::__cxx11::basic_string<char> >; _Alloc = std::allocator<std::pair<const std::__cxx11::basic_string<char>, std::vector<unsigned char> > >]	16	static
C:\ST\STM32CubeIDE_1.13.2\STM32CubeIDE\plugins\com.st.stm32cube.ide.mcu.externaltools.gnu-tools-for-stm32.11.3.rel1.win32_1.1.1.202309131626\tools\bin/../lib/gcc/arm-none-eabi/11.3.1/../../../../arm-none-eabi/include/c++/11.3.1/bits/stl_tree.h:618:7:void std::_Rb_tree<_Key, _Val, _KeyOfValue, _Compare, _Alloc>::_M_destroy_node(std::_Rb_tree<_Key, _Val, _KeyOfValue, _Compare, _Alloc>::_Link_type) [with _Key = std::__cxx11::basic_string<char>; _Val = std::pair<const std::__cxx11::basic_string<char>, std::vector<unsigned char> >; _KeyOfValue = std::_Select1st<std::pair<const std::__cxx11::basic_string<char>, std::vector<unsigned char> > >; _Compare = std::less<std::__cxx11::basic_string<char> >; _Alloc = std::allocator<std::pair<const std::__cxx11::basic_string<char>, std::vector<unsigned char> > >]	24	static
C:\ST\STM32CubeIDE_1.13.2\STM32CubeIDE\plugins\com.st.stm32cube.ide.mcu.externaltools.gnu-tools-for-stm32.11.3.rel1.win32_1.1.1.202309131626\tools\bin/../lib/gcc/arm-none-eabi/11.3.1/../../../../arm-none-eabi/include/c++/11.3.1/bits/stl_tree.h:564:7:void std::_Rb_tree<_Key, _Val, _KeyOfValue, _Compare, _Alloc>::_M_put_node(std::_Rb_tree<_Key, _Val, _KeyOfValue, _Compare, _Alloc>::_Link_type) [with _Key = std::__cxx11::basic_string<char>; _Val = std::pair<const std::__cxx11::basic_string<char>, std::vector<unsigned char> >; _KeyOfValue = std::_Select1st<std::pair<const std::__cxx11::basic_string<char>, std::vector<unsigned char> > >; _Compare = std::less<std::__cxx11::basic_string<char> >; _Alloc = std::allocator<std::pair<const std::__cxx11::basic_string<char>, std::vector<unsigned char> > >]	16	static
C:\ST\STM32CubeIDE_1.13.2\STM32CubeIDE\plugins\com.st.stm32cube.ide.mcu.externaltools.gnu-tools-for-stm32.11.3.rel1.win32_1.1.1.202309131626\tools\bin/../lib/gcc/arm-none-eabi/11.3.1/../../../../arm-none-eabi/include/c++/11.3.1/bits/stl_tree.h:547:7:std::_Rb_tree<_Key, _Val, _KeyOfValue, _Compare, _Alloc>::_Node_allocator& std::_Rb_tree<_Key, _Val, _KeyOfValue, _Compare, _Alloc>::_M_get_Node_allocator() [with _Key = std::__cxx11::basic_string<char>; _Val = std::pair<const std::__cxx11::basic_string<char>, std::vector<unsigned char> >; _KeyOfValue = std::_Select1st<std::pair<const std::__cxx11::basic_string<char>, std::vector<unsigned char> > >; _Compare = std::less<std::__cxx11::basic_string<char> >; _Alloc = std::allocator<std::pair<const std::__cxx11::basic_string<char>, std::vector<unsigned char> > >]	16	static
C:\ST\STM32CubeIDE_1.13.2\STM32CubeIDE\plugins\com.st.stm32cube.ide.mcu.externaltools.gnu-tools-for-stm32.11.3.rel1.win32_1.1.1.202309131626\tools\bin/../lib/gcc/arm-none-eabi/11.3.1/../../../../arm-none-eabi/include/c++/11.3.1/bits/stl_tree.h:234:7:_Val* std::_Rb_tree_node<_Val>::_M_valptr() [with _Val = std::pair<const std::__cxx11::basic_string<char>, std::vector<unsigned char> >]	16	static
C:\ST\STM32CubeIDE_1.13.2\STM32CubeIDE\plugins\com.st.stm32cube.ide.mcu.externaltools.gnu-tools-for-stm32.11.3.rel1.win32_1.1.1.202309131626\tools\bin/../lib/gcc/arm-none-eabi/11.3.1/../../../../arm-none-eabi/include/c++/11.3.1/bits/alloc_traits.h:531:2:static void std::allocator_traits<std::allocator<_CharT> >::destroy(std::allocator_traits<std::allocator<_CharT> >::allocator_type&, _Up*) [with _Up = std::pair<const std::__cxx11::basic_string<char>, std::vector<unsigned char> >; _Tp = std::_Rb_tree_node<std::pair<const std::__cxx11::basic_string<char>, std::vector<unsigned char> > >]	16	static
C:\ST\STM32CubeIDE_1.13.2\STM32CubeIDE\plugins\com.st.stm32cube.ide.mcu.externaltools.gnu-tools-for-stm32.11.3.rel1.win32_1.1.1.202309131626\tools\bin/../lib/gcc/arm-none-eabi/11.3.1/../../../../arm-none-eabi/include/c++/11.3.1/bits/alloc_traits.h:495:7:static void std::allocator_traits<std::allocator<_CharT> >::deallocate(std::allocator_traits<std::allocator<_CharT> >::allocator_type&, std::allocator_traits<std::allocator<_CharT> >::pointer, std::allocator_traits<std::allocator<_CharT> >::size_type) [with _Tp = std::_Rb_tree_node<std::pair<const std::__cxx11::basic_string<char>, std::vector<unsigned char> > >]	24	static
C:\ST\STM32CubeIDE_1.13.2\STM32CubeIDE\plugins\com.st.stm32cube.ide.mcu.externaltools.gnu-tools-for-stm32.11.3.rel1.win32_1.1.1.202309131626\tools\arm-none-eabi\include\c++\11.3.1\ext\aligned_buffer.h:72:7:_Tp* __gnu_cxx::__aligned_membuf<_Tp>::_M_ptr() [with _Tp = std::pair<const std::__cxx11::basic_string<char>, std::vector<unsigned char> >]	16	static
C:\ST\STM32CubeIDE_1.13.2\STM32CubeIDE\plugins\com.st.stm32cube.ide.mcu.externaltools.gnu-tools-for-stm32.11.3.rel1.win32_1.1.1.202309131626\tools\bin/../lib/gcc/arm-none-eabi/11.3.1/../../../../arm-none-eabi/include/c++/11.3.1/bits/stl_pair.h:211:12:std::pair<const std::__cxx11::basic_string<char>, std::vector<unsigned char> >::~pair()	16	static
C:\ST\STM32CubeIDE_1.13.2\STM32CubeIDE\plugins\com.st.stm32cube.ide.mcu.externaltools.gnu-tools-for-stm32.11.3.rel1.win32_1.1.1.202309131626\tools\bin/../lib/gcc/arm-none-eabi/11.3.1/../../../../arm-none-eabi/include/c++/11.3.1/ext/new_allocator.h:166:2:void __gnu_cxx::new_allocator<_Tp>::destroy(_Up*) [with _Up = std::pair<const std::__cxx11::basic_string<char>, std::vector<unsigned char> >; _Tp = std::_Rb_tree_node<std::pair<const std::__cxx11::basic_string<char>, std::vector<unsigned char> > >]	16	static
C:\ST\STM32CubeIDE_1.13.2\STM32CubeIDE\plugins\com.st.stm32cube.ide.mcu.externaltools.gnu-tools-for-stm32.11.3.rel1.win32_1.1.1.202309131626\tools\bin/../lib/gcc/arm-none-eabi/11.3.1/../../../../arm-none-eabi/include/c++/11.3.1/ext/new_allocator.h:132:7:void __gnu_cxx::new_allocator<_Tp>::deallocate(_Tp*, __gnu_cxx::new_allocator<_Tp>::size_type) [with _Tp = std::_Rb_tree_node<std::pair<const std::__cxx11::basic_string<char>, std::vector<unsigned char> > >]	24	static
C:\ST\STM32CubeIDE_1.13.2\STM32CubeIDE\plugins\com.st.stm32cube.ide.mcu.externaltools.gnu-tools-for-stm32.11.3.rel1.win32_1.1.1.202309131626\tools\arm-none-eabi\include\c++\11.3.1\ext\aligned_buffer.h:64:7:void* __gnu_cxx::__aligned_membuf<_Tp>::_M_addr() [with _Tp = std::pair<const std::__cxx11::basic_string<char>, std::vector<unsigned char> >]	16	static
C:\ST\STM32CubeIDE_1.13.2\STM32CubeIDE\plugins\com.st.stm32cube.ide.mcu.externaltools.gnu-tools-for-stm32.11.3.rel1.win32_1.1.1.202309131626\tools\bin/../lib/gcc/arm-none-eabi/11.3.1/../../../../arm-none-eabi/include/c++/11.3.1/bits/stl_vector.h:678:7:std::vector<_Tp, _Alloc>::~vector() [with _Tp = unsigned char; _Alloc = std::allocator<unsigned char>]	24	static
C:\ST\STM32CubeIDE_1.13.2\STM32CubeIDE\plugins\com.st.stm32cube.ide.mcu.externaltools.gnu-tools-for-stm32.11.3.rel1.win32_1.1.1.202309131626\tools\bin/../lib/gcc/arm-none-eabi/11.3.1/../../../../arm-none-eabi/include/c++/11.3.1/bits/stl_vector.h:128:14:std::_Vector_base<unsigned char, std::allocator<unsigned char> >::_Vector_impl::~_Vector_impl()	16	static
C:\ST\STM32CubeIDE_1.13.2\STM32CubeIDE\plugins\com.st.stm32cube.ide.mcu.externaltools.gnu-tools-for-stm32.11.3.rel1.win32_1.1.1.202309131626\tools\bin/../lib/gcc/arm-none-eabi/11.3.1/../../../../arm-none-eabi/include/c++/11.3.1/bits/stl_vector.h:333:7:std::_Vector_base<_Tp, _Alloc>::~_Vector_base() [with _Tp = unsigned char; _Alloc = std::allocator<unsigned char>]	16	static
C:\ST\STM32CubeIDE_1.13.2\STM32CubeIDE\plugins\com.st.stm32cube.ide.mcu.externaltools.gnu-tools-for-stm32.11.3.rel1.win32_1.1.1.202309131626\tools\bin/../lib/gcc/arm-none-eabi/11.3.1/../../../../arm-none-eabi/include/c++/11.3.1/bits/stl_vector.h:276:7:std::_Vector_base<_Tp, _Alloc>::_Tp_alloc_type& std::_Vector_base<_Tp, _Alloc>::_M_get_Tp_allocator() [with _Tp = unsigned char; _Alloc = std::allocator<unsigned char>]	16	static
C:\ST\STM32CubeIDE_1.13.2\STM32CubeIDE\plugins\com.st.stm32cube.ide.mcu.externaltools.gnu-tools-for-stm32.11.3.rel1.win32_1.1.1.202309131626\tools\bin/../lib/gcc/arm-none-eabi/11.3.1/../../../../arm-none-eabi/include/c++/11.3.1/bits/alloc_traits.h:845:5:void std::_Destroy(_ForwardIterator, _ForwardIterator, std::allocator<_T2>&) [with _ForwardIterator = unsigned char*; _Tp = unsigned char]	24	static
C:\ST\STM32CubeIDE_1.13.2\STM32CubeIDE\plugins\com.st.stm32cube.ide.mcu.externaltools.gnu-tools-for-stm32.11.3.rel1.win32_1.1.1.202309131626\tools\bin/../lib/gcc/arm-none-eabi/11.3.1/../../../../arm-none-eabi/include/c++/11.3.1/bits/allocator.h:174:7:std::allocator< <template-parameter-1-1> >::~allocator() [with _Tp = unsigned char]	16	static
C:\ST\STM32CubeIDE_1.13.2\STM32CubeIDE\plugins\com.st.stm32cube.ide.mcu.externaltools.gnu-tools-for-stm32.11.3.rel1.win32_1.1.1.202309131626\tools\bin/../lib/gcc/arm-none-eabi/11.3.1/../../../../arm-none-eabi/include/c++/11.3.1/bits/stl_vector.h:350:7:void std::_Vector_base<_Tp, _Alloc>::_M_deallocate(std::_Vector_base<_Tp, _Alloc>::pointer, std::size_t) [with _Tp = unsigned char; _Alloc = std::allocator<unsigned char>]	24	static
C:\ST\STM32CubeIDE_1.13.2\STM32CubeIDE\plugins\com.st.stm32cube.ide.mcu.externaltools.gnu-tools-for-stm32.11.3.rel1.win32_1.1.1.202309131626\tools\arm-none-eabi\include\c++\11.3.1\bits\stl_construct.h:182:5:void std::_Destroy(_ForwardIterator, _ForwardIterator) [with _ForwardIterator = unsigned char*]	16	static
C:\ST\STM32CubeIDE_1.13.2\STM32CubeIDE\plugins\com.st.stm32cube.ide.mcu.externaltools.gnu-tools-for-stm32.11.3.rel1.win32_1.1.1.202309131626\tools\bin/../lib/gcc/arm-none-eabi/11.3.1/../../../../arm-none-eabi/include/c++/11.3.1/ext/new_allocator.h:89:7:__gnu_cxx::new_allocator<_Tp>::~new_allocator() [with _Tp = unsigned char]	16	static
C:\ST\STM32CubeIDE_1.13.2\STM32CubeIDE\plugins\com.st.stm32cube.ide.mcu.externaltools.gnu-tools-for-stm32.11.3.rel1.win32_1.1.1.202309131626\tools\bin/../lib/gcc/arm-none-eabi/11.3.1/../../../../arm-none-eabi/include/c++/11.3.1/bits/alloc_traits.h:495:7:static void std::allocator_traits<std::allocator<_CharT> >::deallocate(std::allocator_traits<std::allocator<_CharT> >::allocator_type&, std::allocator_traits<std::allocator<_CharT> >::pointer, std::allocator_traits<std::allocator<_CharT> >::size_type) [with _Tp = unsigned char]	24	static
C:\ST\STM32CubeIDE_1.13.2\STM32CubeIDE\plugins\com.st.stm32cube.ide.mcu.externaltools.gnu-tools-for-stm32.11.3.rel1.win32_1.1.1.202309131626\tools\arm-none-eabi\include\c++\11.3.1\bits\stl_construct.h:172:9:static void std::_Destroy_aux<true>::__destroy(_ForwardIterator, _ForwardIterator) [with _ForwardIterator = unsigned char*]	16	static
C:\ST\STM32CubeIDE_1.13.2\STM32CubeIDE\plugins\com.st.stm32cube.ide.mcu.externaltools.gnu-tools-for-stm32.11.3.rel1.win32_1.1.1.202309131626\tools\bin/../lib/gcc/arm-none-eabi/11.3.1/../../../../arm-none-eabi/include/c++/11.3.1/ext/new_allocator.h:132:7:void __gnu_cxx::new_allocator<_Tp>::deallocate(_Tp*, __gnu_cxx::new_allocator<_Tp>::size_type) [with _Tp = unsigned char]	24	static
../Core/Src/uart.cpp:152:2:cpp)	8	static
../Core/Src/uart.cpp:152:2:cpp)	8	static
